// Jest Snapshot v1, https://goo.gl/fbAQLP

exports[`Renders foo-bar unchanged 1`] = `
<div>
  <div>
    foobar
  </div>
</div>
`;
