// Jest Snapshot v1, https://goo.gl/fbAQLP

exports[`Renders box unchanged 1`] = `
<div>
  <div />
</div>
`;
