// Jest Snapshot v1, https://goo.gl/fbAQLP

exports[`renders location image unchanged 1`] = `
<div>
  <div
    class="relative bg-gray-100 "
    style="width: 100%; height: 100%;"
  >
    <svg
      aria-hidden="true"
      class=" text-gray-200 absolute left-0 right-0 mx-auto top-0 bottom-0 my-auto"
      fill="none"
      height="60"
      stroke="currentColor"
      stroke-width="1.5"
      viewBox="0 0 24 24"
      width="60"
      xmlns="http://www.w3.org/2000/svg"
    >
      <path
        d="M18.364 18.364A9 9 0 005.636 5.636m12.728 12.728A9 9 0 015.636 5.636m12.728 12.728L5.636 5.636"
        stroke-linecap="round"
        stroke-linejoin="round"
      />
    </svg>
  </div>
</div>
`;
