// Jest Snapshot v1, https://goo.gl/fbAQLP

exports[`Renders primary-button unchanged 1`] = `
<div>
  <div>
    <button
      class="bg-blue-500 px-4 py-2 rounded-md text-white hover:bg-blue-600 active:bg-blue-800"
    />
  </div>
</div>
`;
