// Jest Snapshot v1, https://goo.gl/fbAQLP

exports[`Renders simple-tab-panel unchanged 1`] = `
<div>
  <div />
</div>
`;
