// Jest Snapshot v1, https://goo.gl/fbAQLP

exports[`Renders simple-tab-panel unchanged 1`] = `
<div>
  <button
    aria-hidden="true"
    style="position: fixed; top: 1px; left: 1px; width: 1px; height: 0px; padding: 0px; margin: -1px; overflow: hidden; clip: rect(0px, 0px, 0px, 0px); white-space: nowrap; border-width: 0px;"
    type="button"
  />
  <div
    aria-orientation="horizontal"
    role="tablist"
  >
    <div
      class="flex items-center justify-center w-full bg-gray-50 h-80"
      data-headlessui-state="selected"
      id="headlessui-tabs-panel-:r0:"
      role="tabpanel"
      tabindex="0"
    >
      Tab
    </div>
  </div>
</div>
`;
